// Vitest Snapshot v1

exports[`add 1`] = `"ap"`;
